{
  "loan": "692826",
  "amount": 448900,
  "document": "027665876",
  "startdate": "2017-01-16",
  "period": 48
}
