{
  "docid": "855406656",
  "fio": "Celina Jackson",
  "birthday": "1961-05-22",
  "salary": 69106.0,
  "gender": "F"
}